[0] ["1607152", {"votes"=>["blank"]}]
[1] ["1609154", {"votes"=>["TTR"]}]
[2] ["1609977", {"votes"=>["blank"]}]
[3] ["1613251", {"votes"=>["blank"]}]
[4] ["1614373", {"votes"=>["blank"]}]
[5] ["1616701", {"votes"=>["BVR"]}]
[6] ["1618272", {"votes"=>["DR"]}]
[7] ["1622194", {"votes"=>["CT"]}]
[8] ["1626138", {"votes"=>["blank"]}]
[9] ["1636400", {"votes"=>["blank"]}]
