[0] ["3375564", {"votes"=>["blank"]}]
[1] ["3386203", {"votes"=>["RCCN"]}]
[2] ["3391784", {"votes"=>["blank"]}]
[3] ["3396922", {"votes"=>["blank"]}]
[4] ["3403841", {"votes"=>["blank"]}]
[5] ["3403880", {"votes"=>["blank"]}]
[6] ["3410950", {"votes"=>["blank"]}]
[7] ["3415184", {"votes"=>["RBBT"]}]
[8] ["3424295", {"votes"=>["CT"]}]
[9] ["3432784", {"votes"=>["blank"]}]
[10] ["3443263", {"votes"=>["blank"]}]
