[0] ["2346835", {"votes"=>[{"value"=>"blank", "classification_id"=>"20259083"}, {"value"=>"blank", "classification_id"=>"20259098"}]}]
[1] ["2354977", {"votes"=>[{"value"=>"something", "classification_id"=>"20259170"}]}]
