[0] ["1175298", {"votes"=>["DR"]}]
[1] ["1175307", {"votes"=>["DR"]}]
[2] ["1175330", {"votes"=>["DR", "DR"]}]
[3] ["1175334", {"votes"=>["DR"]}]
[4] ["1175335", {"votes"=>["BRD"]}]
[5] ["1175338", {"votes"=>["DR"]}]
[6] ["1175344", {"votes"=>["DR", "DR"]}]
[7] ["1175353", {"votes"=>["DR"]}]
[8] ["1175356", {"votes"=>["DR"]}]
[9] ["1175363", {"votes"=>["DR"]}]
[10] ["1175364", {"votes"=>["DR"]}]
[11] ["1175366", {"votes"=>["DR"]}]
[12] ["1175374", {"votes"=>["DR"]}]
[13] ["1175384", {"votes"=>["DR", "DR", "DR"]}]
[14] ["1175385", {"votes"=>["DR"]}]
[15] ["1175388", {"votes"=>["DR"]}]
[16] ["1175422", {"votes"=>["blank"]}]
[17] ["1175438", {"votes"=>["DR"]}]
[18] ["1175443", {"votes"=>["DR", "DR"]}]
[19] ["1175448", {"votes"=>["DR"]}]
[20] ["1175471", {"votes"=>["DR", "DR"]}]
[21] ["1175478", {"votes"=>["DR"]}]
[22] ["1175502", {"votes"=>["DR"]}]
[23] ["1175552", {"votes"=>["RCCN"]}]
[24] ["1175569", {"votes"=>["DR"]}]
[25] ["1175572", {"votes"=>["DR"]}]
[26] ["1175585", {"votes"=>["DR", "DR"]}]
[27] ["1175595", {"votes"=>["DR"]}]
[28] ["1175610", {"votes"=>["blank"]}]
[29] ["1175613", {"votes"=>["DR"]}]
[30] ["1175622", {"votes"=>["DR"]}]
[31] ["1175629", {"votes"=>["blank"]}]
[32] ["1175630", {"votes"=>["DR"]}]
[33] ["1175648", {"votes"=>["DR"]}]
[34] ["1175650", {"votes"=>["DR"]}]
[35] ["1175654", {"votes"=>["DR"]}]
[36] ["1175672", {"votes"=>["DR"]}]
[37] ["1175674", {"votes"=>["DR"]}]
[38] ["1175685", {"votes"=>["DR"]}]
[39] ["1175697", {"votes"=>["DR"]}]
[40] ["1175707", {"votes"=>["DR", "LK"]}]
[41] ["1175712", {"votes"=>["DR"]}]
[42] ["1175733", {"votes"=>["DR"]}]
[43] ["1175748", {"votes"=>["DR"]}]
[44] ["1175761", {"votes"=>["DR"]}]
[45] ["1175770", {"votes"=>["DR"]}]
[46] ["1175775", {"votes"=>["DR"]}]
[47] ["1175786", {"votes"=>["DR"]}]
[48] ["1175829", {"votes"=>["DR"]}]
[49] ["1175837", {"votes"=>["DR"]}]
[50] ["1175856", {"votes"=>["DR"]}]
[51] ["1175861", {"votes"=>["DR"]}]
[52] ["1175879", {"votes"=>["DR"]}]
[53] ["1175885", {"votes"=>["DR"]}]
[54] ["1175912", {"votes"=>["DR"]}]
[55] ["1175919", {"votes"=>["DR"]}]
[56] ["1175923", {"votes"=>["DR"]}]
[57] ["1175936", {"votes"=>["DR"]}]
[58] ["1175949", {"votes"=>["DR"]}]
[59] ["1175971", {"votes"=>["DR"]}]
[60] ["1175984", {"votes"=>["DR"]}]
[61] ["1175987", {"votes"=>["DR"]}]
[62] ["1175991", {"votes"=>["DR"]}]
[63] ["1175993", {"votes"=>["DR"]}]
[64] ["1176002", {"votes"=>["DR"]}]
[65] ["1176007", {"votes"=>["DR"]}]
[66] ["1176010", {"votes"=>["DR", "DR"]}]
[67] ["1176011", {"votes"=>["DR", "DR"]}]
[68] ["1176012", {"votes"=>["blank", "DR"]}]
[69] ["1176019", {"votes"=>["DR"]}]
[70] ["1176022", {"votes"=>["DR"]}]
[71] ["1176027", {"votes"=>["DR"]}]
[72] ["1176038", {"votes"=>["DR"]}]
[73] ["1176042", {"votes"=>["DR"]}]
[74] ["1176058", {"votes"=>["blank"]}]
[75] ["1176066", {"votes"=>["DR"]}]
[76] ["1176067", {"votes"=>["DR"]}]
[77] ["1176070", {"votes"=>["DR"]}]
[78] ["1176073", {"votes"=>["DR", "blank"]}]
[79] ["1176256", {"votes"=>["DR", "DR"]}]
[80] ["1176258", {"votes"=>["DR", "DR"]}]
[81] ["1176259", {"votes"=>["DR"]}]
[82] ["1176264", {"votes"=>["DR"]}]
[83] ["1176271", {"votes"=>["DR"]}]
[84] ["1176274", {"votes"=>["DR"]}]
[85] ["1176277", {"votes"=>["DR"]}]
[86] ["1176307", {"votes"=>["DR"]}]
[87] ["1176317", {"votes"=>["DR"]}]
[88] ["1176323", {"votes"=>["DR"]}]
[89] ["1176330", {"votes"=>["DR"]}]
[90] ["1176337", {"votes"=>["DR"]}]
[91] ["1176359", {"votes"=>["DR", "DR"]}]
[92] ["1176362", {"votes"=>["DR"]}]
[93] ["1176372", {"votes"=>["DR"]}]
[94] ["1176374", {"votes"=>["DR"]}]
[95] ["1176387", {"votes"=>["DR"]}]
[96] ["1176392", {"votes"=>["DR"]}]
[97] ["1176408", {"votes"=>["DR"]}]
[98] ["1176417", {"votes"=>["DR"]}]
[99] ["1176421", {"votes"=>["DR"]}]
[100] ["1176430", {"votes"=>["DR"]}]
[101] ["1176440", {"votes"=>["DR"]}]
[102] ["1176448", {"votes"=>["LK"]}]
[103] ["1176458", {"votes"=>["blank"]}]
[104] ["1176476", {"votes"=>["DR"]}]
[105] ["1176478", {"votes"=>["DR"]}]
[106] ["1176483", {"votes"=>["blank"]}]
[107] ["1176489", {"votes"=>["DR"]}]
[108] ["1176493", {"votes"=>["DR"]}]
[109] ["1176503", {"votes"=>["DR"]}]
[110] ["1176534", {"votes"=>["DR"]}]
[111] ["1176543", {"votes"=>["BRD"]}]
[112] ["1176546", {"votes"=>["TRK"]}]
[113] ["1176548", {"votes"=>["TRK"]}]
[114] ["1176550", {"votes"=>["BRD"]}]
[115] ["1176555", {"votes"=>["DR"]}]
[116] ["1176565", {"votes"=>["DR"]}]
[117] ["1176583", {"votes"=>["DR"]}]
[118] ["1176592", {"votes"=>["DR"]}]
[119] ["1176595", {"votes"=>["DR"]}]
[120] ["1176596", {"votes"=>["DR"]}]
[121] ["1176599", {"votes"=>["DR"]}]
[122] ["1176606", {"votes"=>["DR"]}]
[123] ["1176614", {"votes"=>["DR"]}]
[124] ["1176616", {"votes"=>["DR"]}]
[125] ["1176617", {"votes"=>["DR"]}]
[126] ["1176640", {"votes"=>["DR"]}]
[127] ["1176649", {"votes"=>["DR"]}]
[128] ["1176671", {"votes"=>["DR", "DR"]}]
[129] ["1176676", {"votes"=>["RCCN"]}]
[130] ["1176679", {"votes"=>["DR"]}]
[131] ["1176681", {"votes"=>["DR"]}]
[132] ["1176683", {"votes"=>["DR"]}]
[133] ["1176689", {"votes"=>["DR"]}]
[134] ["1176696", {"votes"=>["DR", "LK"]}]
[135] ["1176697", {"votes"=>["DR"]}]
[136] ["1176730", {"votes"=>["CHPMNKSNDSQRRLS"]}]
[137] ["1176751", {"votes"=>["DR"]}]
[138] ["1176758", {"votes"=>["TRK"]}]
[139] ["1176765", {"votes"=>["DR"]}]
[140] ["1176773", {"votes"=>["DR"]}]
[141] ["1176782", {"votes"=>["DR"]}]
[142] ["1176797", {"votes"=>["DR"]}]
[143] ["1176803", {"votes"=>["DR"]}]
[144] ["1176823", {"votes"=>["DR"]}]
[145] ["1176830", {"votes"=>["DR"]}]
[146] ["1176838", {"votes"=>["DR"]}]
[147] ["1176839", {"votes"=>["DR"]}]
[148] ["1176844", {"votes"=>["DR"]}]
[149] ["1176846", {"votes"=>["TRK"]}]
[150] ["1176851", {"votes"=>["DR"]}]
[151] ["1176852", {"votes"=>["DR"]}]
[152] ["1176854", {"votes"=>["DR"]}]
[153] ["1176859", {"votes"=>["DR"]}]
[154] ["1176874", {"votes"=>["DR"]}]
[155] ["1176881", {"votes"=>["DR"]}]
[156] ["1176901", {"votes"=>["DR"]}]
[157] ["1176902", {"votes"=>["DR"]}]
[158] ["1176908", {"votes"=>["DR", "DR"]}]
[159] ["1176909", {"votes"=>["DR"]}]
[160] ["1176911", {"votes"=>["DR", "DR"]}]
[161] ["1176912", {"votes"=>["DR", "DR", "DR"]}]
[162] ["1176915", {"votes"=>["DR"]}]
[163] ["1176923", {"votes"=>["DR"]}]
[164] ["1176933", {"votes"=>["DR"]}]
[165] ["1176934", {"votes"=>["DR"]}]
[166] ["1176937", {"votes"=>["DR"]}]
[167] ["1176943", {"votes"=>["DR"]}]
[168] ["1177034", {"votes"=>["blank"]}]
[169] ["1177063", {"votes"=>["DR"]}]
[170] ["1177077", {"votes"=>["DR"]}]
[171] ["1177079", {"votes"=>["DR"]}]
[172] ["1177085", {"votes"=>["blank"]}]
[173] ["1177089", {"votes"=>["DR"]}]
[174] ["1177112", {"votes"=>["blank"]}]
[175] ["1177119", {"votes"=>["blank"]}]
[176] ["1177135", {"votes"=>["blank"]}]
[177] ["1177187", {"votes"=>["CGR", "DR"]}]
