[0] ["3744383", {"votes"=>[{"value"=>nil, "classification_id"=>"18393190"}, {"value"=>nil, "classification_id"=>"18393194"}]}]
